successfull parsing
package tutu.titi.toto
public class A extends Object {
  void fooA()  {
    int a2 0;
    int a3 0;
    if (1>0) {
      a2=2;
    } else {
      a3=7;
    }
    boolean a4 false;
    if (2>1) {
      a4=true;
    }
    int a 0;
    int c 0;
    while (a<10) {
      {
        a=a+1;
        while (c<10) {
          {
            c=c+1;
            int b 0;
            b=b+2;
          }
        }
        int b 8;
        b=b-4;
      }
    }
    int b 0;
  }
  void fooB()  {
    if (1>0) {
      {
        int a2 2;
        int b2 7;
      }
    } else {
      {
        int a3 7;
        int b2 7;
      }
    }
    if (2>1) {
      {
        boolean a4 true;
      }
    }
  }
  void fooC()  {
    int a2 0;
    int a3 0;
    if (1>0) {
      a2=2;
    } else {
      a3=7;
    }
    boolean a4 false;
    if (2>1) {
      a4=true;
    }
    int a 0;
    while (a<10) {
      {
        a=a+1;
        int a2 8;
        while (c<10) {
          {
            c=c+1;
            int b 0;
            b=b+2;
            int a3 9;
          }
        }
        int b 8;
        b=b-4;
      }
    }
  }
  void main(String[] args)  {
    A t new A();
    t.fooA();
    t.fooB();
  }
}

start typing
check add and methods:A:fooA
check add and methods:A:fooB
check add and methods:A:fooC
check add and methods:A:main
--------- env --------
A : class_env(parent=: Object)
method : fooB
method : fooA
method : main paramlist: String[] 
method : fooC
Boolean : class_env(parent=: Object)
Integer : class_env(parent=: Object)
Object : class_env(parent=: )
String : class_env(parent=: Object)
