successfull parsing
package tutu.titi.toto
public class A extends Object {
  Int a1 = 1;
  int[] a = {3,4,5};
  Bool a2 = false;
  String a6 = "jsdjkndjk\njdsdjkf";
  void fooA()  {
  }
  void fooA(int toto)  {
  }
}

public class B extends Object {
  int fooB(int tata)  {
  }
  void fooB(int toto)  {
  }
}

start typing
check add and methods:A:fooA
check add and methods:A:fooA
check add and methods:B:fooB
