successfull parsing
start typing
check add and methods:DynamicBindingTest:main
check add and methods:A:foo
check add and methods:B:foo
check add and methods:C:foo
--------- env --------
A : class_env(parent=: Object)
method : foo
B : class_env(parent=: A)
method : foo
Boolean : class_env(parent=: Object)
C : class_env(parent=: A)
method : foo
DynamicBindingTest : class_env(parent=: Object)
method : main paramlist: String[] 
Integer : class_env(parent=: Object)
Object : class_env(parent=: )
String : class_env(parent=: Object)
end typing
_______________main___________________
A b = new B();
    /*
    ------ b in frame ------
    b : 0 (ref)
    ------ object in heap ------
    [B] (0) :
    */

b.foo();
    /*
    ------ Call method: foo() ---------
    ------ Return: 200 ------------
    */

b=new C();
b.foo();
    /*
    ------ Call method: foo() ---------
    ------ Return: 300 ------------
    */

b=new A();
b.foo();
    /*
    ------ Call method: foo() ---------
    ------ Return: 100 ------------
    */

