successfull parsing
package tutu.titi.toto
public class A extends Object {
  int a1 = 1;
  int b1 = 2;
  A(int j,int k,int p) {
    a1=j;
    b1=k;
  }
  void main(String[] args)  {
    A a new A(4,5,9);
  }
}

start typing
check add and methods:A:main
--------- env --------
A : class_env(parent=: Object)
method : main paramlist: String[] 
 attr:  int b1 = 2;
 attr:  int a1 = 1;
Boolean : class_env(parent=: Object)
Integer : class_env(parent=: Object)
Object : class_env(parent=: )
String : class_env(parent=: Object)
end typing
_______________main___________________
A a = new A(4,5,9);
    /*
    ------ Call Constructor: A ---------
    a1=j;
    b1=k;
    ------ Finished Call Constructor ------------
    */

    /*
    ------ a in frame ------
    a : 0 (ref)
    ------ object in heap ------
    [A] (0) :
      b1 : 5
      a1 : 4
    */

