successfull parsing
start typing
check add and methods:TestEval:main
check add and methods:TestEval:test_while
check add and methods:TestEval:bar
check add and methods:TestEval:add
check add and methods:TestEval:foo
check add and methods:Node:foobar
--------- env --------
Boolean : class_env(parent=: Object)
Integer : class_env(parent=: Object)
Node : class_env(parent=: Object)
method : foobar
Object : class_env(parent=: )
String : class_env(parent=: Object)
TestEval : class_env(parent=: Object)
method : foo
method : bar
method : main paramlist: String[] 
method : add paramlist: int  paramlist: int 
method : test_while
end typing
_______________main___________________
double a = 1.2;
    /*
    ------ a in frame ------
    a : 1.2
    */

double c = 1.2+a;
    /*
    ------ c in frame ------
    c : 2.4
    */

TestEval te = new TestEval();
    /*
    ------ te in frame ------
    te : 0 (ref)
    ------ object in heap ------
    [TestEval] (0) :
    */

new TestEval().add(122,te.bar());
    /*
    ------ Call method: bar() ---------
    ------ Return: 888 ------------
    */

    /*
    ------ Call method: add() ---------
    ------ Return: 1010 ------------
    */

boolean b = true;
    /*
    ------ b in frame ------
    b : true
    */

b=false;
boolean v2 = true;
    /*
    ------ v2 in frame ------
    v2 : true
    */

c=a+2;
te.test_while();
    /*
    ------ Call method: test_while() ---------
int i = 0;
    /*
    ------ i in frame ------
    i : 0
    */

    i=i+100;
    ------ Return: void ------------
    */

